#-----------------------------------------------------------
# xsim v2026.1 (64-bit)
# SW Build 6511674 on Tue Jun 16 11:01:26 MDT 2026
# IP Build 6504888 on Tue Jun 09 09:05:25 MDT 2026
# SharedData Build 6501428 on Mon Jun 08 17:34:18 MDT 2026
# Start of session at: Wed Sep 30 14:38:25 2026
# Process ID         : 611925
# Current directory  : /home/alejandro-armenta/Documents/Verification
# Command line       : xsim -source {xsim.dir/./build/snapshot.wdb/xsim_script.tcl}
# Log file           : /home/alejandro-armenta/Documents/Verification/xsim.log
# Journal file       : /home/alejandro-armenta/Documents/Verification/xsim.jou
# Running On         : alejandro-armenta-Lenovo-ThinkBook-16p-Gen-2
# Platform           : Ubuntu
# Operating System   : Ubuntu 24.04.5 LTS
# Processor Detail   : AMD Ryzen 7 5800H with Radeon Graphics
# CPU Frequency      : 3555.682 MHz
# CPU Physical cores : 8
# CPU Logical cores  : 16
# Host memory        : 16087 MB
# Swap memory        : 4294 MB
# Total Virtual      : 20382 MB
# Available Virtual  : 12521 MB
#-----------------------------------------------------------
start_gui
source xsim.dir/./build/snapshot.wdb/xsim_script.tcl
# set_param project.enableReportConfiguration 0
# load_feature core
# current_fileset
INFO: [IP_Flow 19-234] Refreshing IP repositories
INFO: [IP_Flow 19-1704] No user IP repositories specified
INFO: [IP_Flow 19-2313] Loaded Vivado IP repository '/home/alejandro-armenta/vivado/2026.1/data/ip'.
# xsim {./build/snapshot.wdb} -autoloadwcfg
create_wave_config; add_wave /; set_property needs_save false [current_wave_config]
add_wave /top/*
/top/grant /top/request /top/clk /top/reset
wave_database get_data
invalid command name "wave_database"
close_sim
INFO: [Simtcl 6-16] Simulation closed
exit
INFO: [Common 17-206] Exiting xsim at Wed Sep 30 14:44:02 2026...
